// Jest Snapshot v1, https://goo.gl/fbAQLP

exports[`Checkout Item component should render 1`] = `ShallowWrapper {}`;
