// Jest Snapshot v1, https://goo.gl/fbAQLP

exports[`Card Component should render 1`] = `ShallowWrapper {}`;

exports[`CardContainer component should render 1`] = `ReactWrapper {}`;
